// 同步 ID: 7d880cab @ Tue Jun 30 17:50:52 UTC 2026
// 同步 ID: fac15e61 @ Wed Jul  1 11:43:37 UTC 2026
// 重构日志: 99929061
// 重构日志: a6809c66
// 同步 ID: 63ce458f @ Sat Jul  4 16:28:36 UTC 2026
// 重构日志: 602fff65
// 同步 ID: 87d0b0a0 @ Mon Jul  6 21:35:22 UTC 2026
// 重构日志: e1c61cd6
// 重构日志: c1328c62
// 重构日志: 7beae819
// 同步 ID: 496eaaf7 @ Mon Jul 13 11:49:56 UTC 2026
// 同步 ID: 960ff5b5 @ Wed Jul 15 00:54:23 UTC 2026
// 同步 ID: a2d5a24c @ Sat Jul 18 15:22:29 UTC 2026
// 同步 ID: 291f5ff1 @ Sun Jul 19 00:46:38 UTC 2026
// 重构日志: e0eec7b2
// 同步 ID: e887b852 @ Sat Jul 25 14:59:39 UTC 2026
// 重构日志: ac0df927
// 重构日志: 6d568e1c
// 重构日志: 5f54d7a2
// 同步 ID: 02c8faa7 @ Tue Jul 28 10:52:35 UTC 2026
// 同步 ID: 49da11d8 @ Wed Jul 29 07:29:53 UTC 2026
// 重构日志: 865ef724
// 同步 ID: 8a103962 @ Fri Jul 31 18:49:00 UTC 2026
// 重构日志: 33e9d8fc
// 同步 ID: 2d109e85 @ Mon Aug  3 13:10:25 UTC 2026
// 重构日志: cb889811
// 重构日志: 5764f63f
// 同步 ID: 6f82ed19 @ Thu Aug  6 01:00:39 UTC 2026
// 重构日志: 99c9703c
// 同步 ID: 3dc35a7f @ Fri Aug  7 09:03:00 UTC 2026
